┌──────────────────────────────────────────────────────────────┐
│  FASE 3: AUDITORIA DE MEMÓRIA — PROCESSO ISOLADO            │
│  Modelo: cryo                                               │
│  Contexto L: 8192                                           │
│  Device: CUDA GPU                                           │
└──────────────────────────────────────────────────────────────┘
[BPE] Loaded from cryolm_bpe.tok (vocab=2000, merges=1740)
[1] Construindo CryoLM GSA (d_state=256, d_hidden=688, 4L, rounds=2)...
[TokenEmbedding] vocab=2000 d_state=256
[SwiGLU] d_state=512 d_hidden=688
[SwiGLU] d_state=512 d_hidden=688
[SwiGLU] d_state=512 d_hidden=688
[SwiGLU] d_state=512 d_hidden=688
[LMHead] d_state=256 → vocab=2000
[NodePool] Allocated 8320 nodes contiguously (10400 KB tensor memory)
[CryoLM] Initialized: vocab=2000 d_state=256 layers=4 max_seq=8320 gsa_rounds=2 device=cuda:0 total_params=7088385
[2] Warm-up (3 forward passes)...
[3] Resetando estatísticas de memória...
[4] Executando forward pass com L=8192 tokens...
  ✅ CryoLM L=8192 | Allocated: 245.4 MB | Reserved: 422.0 MB | nvidia-smi: 693.0 MB | RAM: 725.5 MB | Active GPU: 245.4 MB | Staging RAM: 0.0 MB | Index: 8.1 MB | PPL: 2425.66 | Time: 109.5 ms

__RESULT_JSON_BEGIN__
{
  "active_gpu_mb": 245.3916015625,
  "actual_seq_len": 8192,
  "device": "cuda:0",
  "error": "",
  "forward_time_ms": 109.501289,
  "graph_node_count": 0,
  "hpsm_macro_count": 0,
  "hpsm_meso_count": 0,
  "hpsm_micro_count": 0,
  "max_memory_allocated_mb": 245.3916015625,
  "max_memory_reserved_mb": 422.0,
  "model": "cryo",
  "nvidia_smi_vram_delta_mb": 348.0,
  "nvidia_smi_vram_mb": 693.0,
  "persistent_index_mb": 8.125,
  "process_ram_mb": 725.5390625,
  "seq_len": 8192,
  "staging_ram_mb": 0.0,
  "storage_used_mb": 0.0,
  "success": true,
  "val_loss": 7.793857574462891,
  "val_ppl": 2425.6567088012866
}
__RESULT_JSON_END__
