┌──────────────────────────────────────────────────────────────┐
│  FASE 3: AUDITORIA DE MEMÓRIA — PROCESSO ISOLADO            │
│  Modelo: cryo                                               │
│  Contexto L: 32768                                          │
│  Device: CUDA GPU                                           │
└──────────────────────────────────────────────────────────────┘
[BPE] Loaded from cryolm_bpe.tok (vocab=2000, merges=1740)
[1] Construindo CryoLM GSA (d_state=256, d_hidden=688, 4L, rounds=2)...
[TokenEmbedding] vocab=2000 d_state=256
[SwiGLU] d_state=512 d_hidden=688
[SwiGLU] d_state=512 d_hidden=688
[SwiGLU] d_state=512 d_hidden=688
[SwiGLU] d_state=512 d_hidden=688
[LMHead] d_state=256 → vocab=2000
[NodePool] Allocated 32896 nodes contiguously (41120 KB tensor memory)
[CryoLM] Initialized: vocab=2000 d_state=256 layers=4 max_seq=32896 gsa_rounds=2 device=cuda:0 total_params=7088385
[2] Warm-up (3 forward passes)...
[3] Resetando estatísticas de memória...
[4] Executando forward pass com L=32768 tokens...
  ✅ CryoLM L=32768 | Allocated: 852.4 MB | Reserved: 1478.0 MB | nvidia-smi: 1759.0 MB | RAM: 770.2 MB | Active GPU: 852.4 MB | Staging RAM: 0.0 MB | Index: 32.1 MB | PPL: 2367.59 | Time: 278.0 ms

__RESULT_JSON_BEGIN__
{
  "active_gpu_mb": 852.3916015625,
  "actual_seq_len": 32768,
  "device": "cuda:0",
  "error": "",
  "forward_time_ms": 278.02365,
  "graph_node_count": 0,
  "hpsm_macro_count": 0,
  "hpsm_meso_count": 0,
  "hpsm_micro_count": 0,
  "max_memory_allocated_mb": 852.3916015625,
  "max_memory_reserved_mb": 1478.0,
  "model": "cryo",
  "nvidia_smi_vram_delta_mb": 1356.0,
  "nvidia_smi_vram_mb": 1759.0,
  "persistent_index_mb": 32.125,
  "process_ram_mb": 770.2109375,
  "seq_len": 32768,
  "staging_ram_mb": 0.0,
  "storage_used_mb": 0.0,
  "success": true,
  "val_loss": 7.769628047943115,
  "val_ppl": 2367.5904944046906
}
__RESULT_JSON_END__
