┌──────────────────────────────────────────────────────────────┐
│  FASE 3: AUDITORIA DE MEMÓRIA — PROCESSO ISOLADO            │
│  Modelo: cryo                                               │
│  Contexto L: 256                                            │
│  Device: CUDA GPU                                           │
└──────────────────────────────────────────────────────────────┘
[BPE] Loaded from cryolm_bpe.tok (vocab=2000, merges=1740)
[1] Construindo CryoLM GSA (d_state=256, d_hidden=688, 4L, rounds=2)...
[TokenEmbedding] vocab=2000 d_state=256
[SwiGLU] d_state=512 d_hidden=688
[SwiGLU] d_state=512 d_hidden=688
[SwiGLU] d_state=512 d_hidden=688
[SwiGLU] d_state=512 d_hidden=688
[LMHead] d_state=256 → vocab=2000
[NodePool] Allocated 8192 nodes contiguously (10240 KB tensor memory)
[CryoLM] Initialized: vocab=2000 d_state=256 layers=4 max_seq=8192 gsa_rounds=2 device=cuda:0 total_params=7088385
[2] Warm-up (3 forward passes)...
[3] Resetando estatísticas de memória...
[4] Executando forward pass com L=256 tokens...
  ✅ CryoLM L=256 | Allocated: 64.9 MB | Reserved: 80.0 MB | nvidia-smi: 344.0 MB | RAM: 724.6 MB | Active GPU: 64.9 MB | Staging RAM: 0.0 MB | Index: 8.0 MB | PPL: 2364.16 | Time: 130.4 ms

__RESULT_JSON_BEGIN__
{
  "active_gpu_mb": 64.8798828125,
  "actual_seq_len": 256,
  "device": "cuda:0",
  "error": "",
  "forward_time_ms": 130.427577,
  "graph_node_count": 0,
  "hpsm_macro_count": 0,
  "hpsm_meso_count": 0,
  "hpsm_micro_count": 0,
  "max_memory_allocated_mb": 64.8798828125,
  "max_memory_reserved_mb": 80.0,
  "model": "cryo",
  "nvidia_smi_vram_delta_mb": 6.0,
  "nvidia_smi_vram_mb": 344.0,
  "persistent_index_mb": 8.0,
  "process_ram_mb": 724.60546875,
  "seq_len": 256,
  "staging_ram_mb": 0.0,
  "storage_used_mb": 0.0,
  "success": true,
  "val_loss": 7.768177032470703,
  "val_ppl": 2364.15757517675
}
__RESULT_JSON_END__
