┌──────────────────────────────────────────────────────────────┐
│  FASE 3: AUDITORIA DE MEMÓRIA — PROCESSO ISOLADO            │
│  Modelo: dense                                              │
│  Contexto L: 12288                                          │
│  Device: CUDA GPU                                           │
└──────────────────────────────────────────────────────────────┘
[BPE] Loaded from cryolm_bpe.tok (vocab=2000, merges=1740)
[1] Construindo Dense Transformer (d_model=336, 4L, 8H)...
[TokenEmbedding] vocab=2000 d_state=336
[LMHead] d_state=336 → vocab=2000
[SwiGLU] d_state=336 d_hidden=896
[SwiGLU] d_state=336 d_hidden=896
[SwiGLU] d_state=336 d_hidden=896
[SwiGLU] d_state=336 d_hidden=896
[DenseTransformer] Initialized: vocab=2000 d_model=336 n_layers=4 n_heads=8
[2] Warm-up (3 forward passes)...
[3] Resetando estatísticas de memória...
[4] Executando forward pass com L=12288 tokens...
  ✅ Dense L=12288 | Allocated: 11122.0 MB | Reserved: 11448.0 MB | nvidia-smi: 11582.0 MB | RAM: 669.1 MB | PPL: 2001.81 | Time: 4101.7 ms

__RESULT_JSON_BEGIN__
{
  "active_gpu_mb": 0.0,
  "actual_seq_len": 12288,
  "device": "cuda:0",
  "error": "",
  "forward_time_ms": 4101.744073,
  "max_memory_allocated_mb": 11121.98193359375,
  "max_memory_reserved_mb": 11448.0,
  "model": "dense",
  "nvidia_smi_vram_delta_mb": 10148.0,
  "nvidia_smi_vram_mb": 11582.0,
  "persistent_index_mb": 0.0,
  "process_ram_mb": 669.1171875,
  "seq_len": 12288,
  "staging_ram_mb": 0.0,
  "storage_used_mb": 0.0,
  "success": true,
  "val_loss": 7.601808071136475,
  "val_ppl": 2001.8120435687742
}
__RESULT_JSON_END__
