┌──────────────────────────────────────────────────────────────┐
│  FASE 3: AUDITORIA DE MEMÓRIA — PROCESSO ISOLADO            │
│  Modelo: dense                                              │
│  Contexto L: 65536                                          │
│  Device: CUDA GPU                                           │
└──────────────────────────────────────────────────────────────┘
[BPE] Loaded from cryolm_bpe.tok (vocab=2000, merges=1740)
[1] Construindo Dense Transformer (d_model=336, 4L, 8H)...
[TokenEmbedding] vocab=2000 d_state=336
[LMHead] d_state=336 → vocab=2000
[SwiGLU] d_state=336 d_hidden=896
[SwiGLU] d_state=336 d_hidden=896
[SwiGLU] d_state=336 d_hidden=896
[SwiGLU] d_state=336 d_hidden=896
[DenseTransformer] Initialized: vocab=2000 d_model=336 n_layers=4 n_heads=8
[2] Warm-up (3 forward passes)...
[3] Resetando estatísticas de memória...
[4] Executando forward pass com L=65536 tokens...
  ❌ OOM / Falha em L=65536: CUDA out of memory. Tried to allocate 128.00 GiB. GPU 0 has a total capacity of 12.00 GiB of which 0 bytes is free. Of the allocated memory 16.85 GiB is allocated by PyTorch, and 3.93 GiB is reserved by PyTorch but unallocated. If reserved but unallocated memory is large try setting PYTORCH_CUDA_ALLOC_CONF=expandable_segments:True to avoid fragmentation.  See documentation for Memory Management  (https://docs.pytorch.org/docs/stable/notes/cuda.html#optimizing-memory-usage-with-pytorch-cuda-alloc-conf)
Exception raised from malloc at /pytorch/c10/cuda/CUDACachingAllocator.cpp:1574 (most recent call first):
frame #0: c10::Error::Error(c10::SourceLocation, std::__cxx11::basic_string<char, std::char_traits<char>, std::allocator<char> >) + 0x9d (0x73523d51a05d in /mnt/d/htdocs121/colaço/cryox - Copia0.3 imagination/python/venv/lib/python3.12/site-packages/torch/lib/libc10.so)
frame #1: <unknown function> + 0x4434a (0x73523d42734a in /mnt/d/htdocs121/colaço/cryox - Copia0.3 imagination/python/venv/lib/python3.12/site-packages/torch/lib/libc10_cuda.so)
frame #2: <unknown function> + 0x445e2 (0x73523d4275e2 in /mnt/d/htdocs121/colaço/cryox - Copia0.3 imagination/python/venv/lib/python3.12/site-packages/torch/lib/libc10_cuda.so)
frame #3: <unknown function> + 0x44c9f (0x73523d427c9f in /mnt/d/htdocs121/colaço/cryox - Copia0.3 imagination/python/venv/lib/python3.12/site-packages/torch/lib/libc10_cuda.so)
frame #4: at::detail::empty_generic(c10::ArrayRef<long>, c10::Allocator*, c10::DispatchKeySet, c10::ScalarType, std::optional<c10::MemoryFormat>) + 0x5cc (0x7352296c746c in /mnt/d/htdocs121/colaço/cryox - Copia0.3 imagination/python/venv/lib/python3.12/site-packages/torch/lib/libtorch_cpu.so)
frame #5: at::detail::empty_cuda(c10::ArrayRef<long>, c10::ScalarType, std::optional<c10::Device>, std::optional<c10::MemoryFormat>) + 0x7f (0x735210d9a35f in /mnt/d/htdocs121/colaço/cryox - Copia0.3 imagination/python/venv/lib/python3.12/site-packages/torch/lib/libtorch_cuda.so)
frame #6: at::detail::empty_cuda(c10::ArrayRef<long>, std::optional<c10::ScalarType>, std::optional<c10::Layout>, std::optional<c10::Device>, std::optional<bool>, std::optional<c10::MemoryFormat>) + 0x6e (0x735210d9a56e in /mnt/d/htdocs121/colaço/cryox - Copia0.3 imagination/python/venv/lib/python3.12/site-packages/torch/lib/libtorch_cuda.so)
frame #7: at::detail::empty_cuda(c10::ArrayRef<long>, c10::TensorOptions const&) + 0xe7 (0x735210d9a697 in /mnt/d/htdocs121/colaço/cryox - Copia0.3 imagination/python/venv/lib/python3.12/site-packages/torch/lib/libtorch_cuda.so)
frame #8: <unknown function> + 0x36a8d1a (0x735213772d1a in /mnt/d/htdocs121/colaço/cryox - Copia0.3 imagination/python/venv/lib/python3.12/site-packages/torch/lib/libtorch_cuda.so)
frame #9: <unknown function> + 0x37abac7 (0x735213875ac7 in /mnt/d/htdocs121/colaço/cryox - Copia0.3 imagination/python/venv/lib/python3.12/site-packages/torch/lib/libtorch_cuda.so)
frame #10: at::meta::structured_bmm::meta(at::Tensor const&, at::Tensor const&) + 0x16c (0x735229c9f1fc in /mnt/d/htdocs121/colaço/cryox - Copia0.3 imagination/python/venv/lib/python3.12/site-packages/torch/lib/libtorch_cpu.so)
frame #11: <unknown function> + 0x38323a0 (0x7352138fc3a0 in /mnt/d/htdocs121/colaço/cryox - Copia0.3 imagination/python/venv/lib/python3.12/site-packages/torch/lib/libtorch_cuda.so)
frame #12: at::_ops::bmm::redispatch(c10::DispatchKeySet, at::Tensor const&, at::Tensor const&) + 0xe8 (0x73522a9fdf68 in /mnt/d/htdocs121/colaço/cryox - Copia0.3 imagination/python/venv/lib/python3.12/site-packages/torch/lib/libtorch_cpu.so)
frame #13: <unknown function> + 0x55629f2 (0x73522d2b29f2 in /mnt/d/htdocs121/colaço/cryox - Copia0.3 imagination/python/venv/lib/python3.12/site-packages/torch/lib/libtorch_cpu.so)
frame #14: <unknown function> + 0x55630c2 (0x73522d2b30c2 in /mnt/d/htdocs121/colaço/cryox - Copia0.3 imagination/python/venv/lib/python3.12/site-packages/torch/lib/libtorch_cpu.so)
frame #15: at::_ops::bmm::call(at::Tensor const&, at::Tensor const&) + 0x191 (0x73522aa755c1 in /mnt/d/htdocs121/colaço/cryox - Copia0.3 imagination/python/venv/lib/python3.12/site-packages/torch/lib/libtorch_cpu.so)
frame #16: <unknown function> + 0x1f6b0cf (0x735229cbb0cf in /mnt/d/htdocs121/colaço/cryox - Copia0.3 imagination/python/venv/lib/python3.12/site-packages/torch/lib/libtorch_cpu.so)
frame #17: at::native::matmul(at::Tensor const&, at::Tensor const&) + 0x43 (0x735229cbc113 in /mnt/d/htdocs121/colaço/cryox - Copia0.3 imagination/python/venv/lib/python3.12/site-packages/torch/lib/libtorch_cpu.so)
frame #18: <unknown function> + 0x33098ef (0x73522b0598ef in /mnt/d/htdocs121/colaço/cryox - Copia0.3 imagination/python/venv/lib/python3.12/site-packages/torch/lib/libtorch_cpu.so)
frame #19: at::_ops::matmul::call(at::Tensor const&, at::Tensor const&) + 0x191 (0x73522abc7241 in /mnt/d/htdocs121/colaço/cryox - Copia0.3 imagination/python/venv/lib/python3.12/site-packages/torch/lib/libtorch_cpu.so)
frame #20: at::native::_scaled_dot_product_attention_math(at::Tensor const&, at::Tensor const&, at::Tensor const&, std::optional<at::Tensor> const&, double, bool, std::optional<at::Tensor> const&, std::optional<double>, bool) + 0x767 (0x73522a3f0007 in /mnt/d/htdocs121/colaço/cryox - Copia0.3 imagination/python/venv/lib/python3.12/site-packages/torch/lib/libtorch_cpu.so)
frame #21: <unknown function> + 0x3305b59 (0x73522b055b59 in /mnt/d/htdocs121/colaço/cryox - Copia0.3 imagination/python/venv/lib/python3.12/site-packages/torch/lib/libtorch_cpu.so)
frame #22: at::_ops::_scaled_dot_product_attention_math::call(at::Tensor const&, at::Tensor const&, at::Tensor const&, std::optional<at::Tensor> const&, double, bool, std::optional<at::Tensor> const&, std::optional<double>, bool) + 0x27a (0x73522ac20ada in /mnt/d/htdocs121/colaço/cryox - Copia0.3 imagination/python/venv/lib/python3.12/site-packages/torch/lib/libtorch_cpu.so)
frame #23: at::native::scaled_dot_product_attention(at::Tensor const&, at::Tensor const&, at::Tensor const&, std::optional<at::Tensor> const&, double, bool, std::optional<double>, bool) + 0x4d9 (0x73522a3f1c89 in /mnt/d/htdocs121/colaço/cryox - Copia0.3 imagination/python/venv/lib/python3.12/site-packages/torch/lib/libtorch_cpu.so)
frame #24: <unknown function> + 0x3305b15 (0x73522b055b15 in /mnt/d/htdocs121/colaço/cryox - Copia0.3 imagination/python/venv/lib/python3.12/site-packages/torch/lib/libtorch_cpu.so)
frame #25: at::_ops::scaled_dot_product_attention::call(at::Tensor const&, at::Tensor const&, at::Tensor const&, std::optional<at::Tensor> const&, double, bool, std::optional<double>, bool) + 0x24d (0x73522a92a4ad in /mnt/d/htdocs121/colaço/cryox - Copia0.3 imagination/python/venv/lib/python3.12/site-packages/torch/lib/libtorch_cpu.so)
frame #26: 7)/cryox - Copia0.3 imagination - Copia/build_cuda/phase3_memory_audit( + 0x86797 (0x57e80654e797 in /mnt/c/Users/killineo/Desktop/Nova pasta )
frame #27: 7)/cryox - Copia0.3 imagination - Copia/build_cuda/phase3_memory_audit( + 0x87164 (0x57e80654f164 in /mnt/c/Users/killineo/Desktop/Nova pasta )
frame #28: 7)/cryox - Copia0.3 imagination - Copia/build_cuda/phase3_memory_audit( + 0x87457 (0x57e80654f457 in /mnt/c/Users/killineo/Desktop/Nova pasta )
frame #29: 7)/cryox - Copia0.3 imagination - Copia/build_cuda/phase3_memory_audit( + 0x32597 (0x57e8064fa597 in /mnt/c/Users/killineo/Desktop/Nova pasta )
frame #30: <unknown function> + 0x2a601 (0x73520f62a601 in /usr/lib/x86_64-linux-gnu/libc.so.6)
frame #31: __libc_start_main + 0x88 (0x73520f62a718 in /usr/lib/x86_64-linux-gnu/libc.so.6)
frame #32: 7)/cryox - Copia0.3 imagination - Copia/build_cuda/phase3_memory_audit( + 0x33555 (0x57e8064fb555 in /mnt/c/Users/killineo/Desktop/Nova pasta )


__RESULT_JSON_BEGIN__
{
  "active_gpu_mb": 0.0,
  "actual_seq_len": 65536,
  "device": "cuda:0",
  "error": "CUDA out of memory. Tried to allocate 128.00 GiB. GPU 0 has a total capacity of 12.00 GiB of which 0 bytes is free. Of the allocated memory 16.85 GiB is allocated by PyTorch, and 3.93 GiB is reserved by PyTorch but unallocated. If reserved but unallocated memory is large try setting PYTORCH_CUDA_ALLOC_CONF=expandable_segments:True to avoid fragmentation.  See documentation for Memory Management  (https://docs.pytorch.org/docs/stable/notes/cuda.html#optimizing-memory-usage-with-pytorch-cuda-alloc-conf)\nException raised from malloc at /pytorch/c10/cuda/CUDACachingAllocator.cpp:1574 (most recent call first):\nframe #0: c10::Error::Error(c10::SourceLocation, std::__cxx11::basic_string<char, std::char_traits<char>, std::allocator<char> >) + 0x9d (0x73523d51a05d in /mnt/d/htdocs121/colaço/cryox - Copia0.3 imagination/python/venv/lib/python3.12/site-packages/torch/lib/libc10.so)\nframe #1: <unknown function> + 0x4434a (0x73523d42734a in /mnt/d/htdocs121/colaço/cryox - Copia0.3 imagination/python/venv/lib/python3.12/site-packages/torch/lib/libc10_cuda.so)\nframe #2: <unknown function> + 0x445e2 (0x73523d4275e2 in /mnt/d/htdocs121/colaço/cryox - Copia0.3 imagination/python/venv/lib/python3.12/site-packages/torch/lib/libc10_cuda.so)\nframe #3: <unknown function> + 0x44c9f (0x73523d427c9f in /mnt/d/htdocs121/colaço/cryox - Copia0.3 imagination/python/venv/lib/python3.12/site-packages/torch/lib/libc10_cuda.so)\nframe #4: at::detail::empty_generic(c10::ArrayRef<long>, c10::Allocator*, c10::DispatchKeySet, c10::ScalarType, std::optional<c10::MemoryFormat>) + 0x5cc (0x7352296c746c in /mnt/d/htdocs121/colaço/cryox - Copia0.3 imagination/python/venv/lib/python3.12/site-packages/torch/lib/libtorch_cpu.so)\nframe #5: at::detail::empty_cuda(c10::ArrayRef<long>, c10::ScalarType, std::optional<c10::Device>, std::optional<c10::MemoryFormat>) + 0x7f (0x735210d9a35f in /mnt/d/htdocs121/colaço/cryox - Copia0.3 imagination/python/venv/lib/python3.12/site-packages/torch/lib/libtorch_cuda.so)\nframe #6: at::detail::empty_cuda(c10::ArrayRef<long>, std::optional<c10::ScalarType>, std::optional<c10::Layout>, std::optional<c10::Device>, std::optional<bool>, std::optional<c10::MemoryFormat>) + 0x6e (0x735210d9a56e in /mnt/d/htdocs121/colaço/cryox - Copia0.3 imagination/python/venv/lib/python3.12/site-packages/torch/lib/libtorch_cuda.so)\nframe #7: at::detail::empty_cuda(c10::ArrayRef<long>, c10::TensorOptions const&) + 0xe7 (0x735210d9a697 in /mnt/d/htdocs121/colaço/cryox - Copia0.3 imagination/python/venv/lib/python3.12/site-packages/torch/lib/libtorch_cuda.so)\nframe #8: <unknown function> + 0x36a8d1a (0x735213772d1a in /mnt/d/htdocs121/colaço/cryox - Copia0.3 imagination/python/venv/lib/python3.12/site-packages/torch/lib/libtorch_cuda.so)\nframe #9: <unknown function> + 0x37abac7 (0x735213875ac7 in /mnt/d/htdocs121/colaço/cryox - Copia0.3 imagination/python/venv/lib/python3.12/site-packages/torch/lib/libtorch_cuda.so)\nframe #10: at::meta::structured_bmm::meta(at::Tensor const&, at::Tensor const&) + 0x16c (0x735229c9f1fc in /mnt/d/htdocs121/colaço/cryox - Copia0.3 imagination/python/venv/lib/python3.12/site-packages/torch/lib/libtorch_cpu.so)\nframe #11: <unknown function> + 0x38323a0 (0x7352138fc3a0 in /mnt/d/htdocs121/colaço/cryox - Copia0.3 imagination/python/venv/lib/python3.12/site-packages/torch/lib/libtorch_cuda.so)\nframe #12: at::_ops::bmm::redispatch(c10::DispatchKeySet, at::Tensor const&, at::Tensor const&) + 0xe8 (0x73522a9fdf68 in /mnt/d/htdocs121/colaço/cryox - Copia0.3 imagination/python/venv/lib/python3.12/site-packages/torch/lib/libtorch_cpu.so)\nframe #13: <unknown function> + 0x55629f2 (0x73522d2b29f2 in /mnt/d/htdocs121/colaço/cryox - Copia0.3 imagination/python/venv/lib/python3.12/site-packages/torch/lib/libtorch_cpu.so)\nframe #14: <unknown function> + 0x55630c2 (0x73522d2b30c2 in /mnt/d/htdocs121/colaço/cryox - Copia0.3 imagination/python/venv/lib/python3.12/site-packages/torch/lib/libtorch_cpu.so)\nframe #15: at::_ops::bmm::call(at::Tensor const&, at::Tensor const&) + 0x191 (0x73522aa755c1 in /mnt/d/htdocs121/colaço/cryox - Copia0.3 imagination/python/venv/lib/python3.12/site-packages/torch/lib/libtorch_cpu.so)\nframe #16: <unknown function> + 0x1f6b0cf (0x735229cbb0cf in /mnt/d/htdocs121/colaço/cryox - Copia0.3 imagination/python/venv/lib/python3.12/site-packages/torch/lib/libtorch_cpu.so)\nframe #17: at::native::matmul(at::Tensor const&, at::Tensor const&) + 0x43 (0x735229cbc113 in /mnt/d/htdocs121/colaço/cryox - Copia0.3 imagination/python/venv/lib/python3.12/site-packages/torch/lib/libtorch_cpu.so)\nframe #18: <unknown function> + 0x33098ef (0x73522b0598ef in /mnt/d/htdocs121/colaço/cryox - Copia0.3 imagination/python/venv/lib/python3.12/site-packages/torch/lib/libtorch_cpu.so)\nframe #19: at::_ops::matmul::call(at::Tensor const&, at::Tensor const&) + 0x191 (0x73522abc7241 in /mnt/d/htdocs121/colaço/cryox - Copia0.3 imagination/python/venv/lib/python3.12/site-packages/torch/lib/libtorch_cpu.so)\nframe #20: at::native::_scaled_dot_product_attention_math(at::Tensor const&, at::Tensor const&, at::Tensor const&, std::optional<at::Tensor> const&, double, bool, std::optional<at::Tensor> const&, std::optional<double>, bool) + 0x767 (0x73522a3f0007 in /mnt/d/htdocs121/colaço/cryox - Copia0.3 imagination/python/venv/lib/python3.12/site-packages/torch/lib/libtorch_cpu.so)\nframe #21: <unknown function> + 0x3305b59 (0x73522b055b59 in /mnt/d/htdocs121/colaço/cryox - Copia0.3 imagination/python/venv/lib/python3.12/site-packages/torch/lib/libtorch_cpu.so)\nframe #22: at::_ops::_scaled_dot_product_attention_math::call(at::Tensor const&, at::Tensor const&, at::Tensor const&, std::optional<at::Tensor> const&, double, bool, std::optional<at::Tensor> const&, std::optional<double>, bool) + 0x27a (0x73522ac20ada in /mnt/d/htdocs121/colaço/cryox - Copia0.3 imagination/python/venv/lib/python3.12/site-packages/torch/lib/libtorch_cpu.so)\nframe #23: at::native::scaled_dot_product_attention(at::Tensor const&, at::Tensor const&, at::Tensor const&, std::optional<at::Tensor> const&, double, bool, std::optional<double>, bool) + 0x4d9 (0x73522a3f1c89 in /mnt/d/htdocs121/colaço/cryox - Copia0.3 imagination/python/venv/lib/python3.12/site-packages/torch/lib/libtorch_cpu.so)\nframe #24: <unknown function> + 0x3305b15 (0x73522b055b15 in /mnt/d/htdocs121/colaço/cryox - Copia0.3 imagination/python/venv/lib/python3.12/site-packages/torch/lib/libtorch_cpu.so)\nframe #25: at::_ops::scaled_dot_product_attention::call(at::Tensor const&, at::Tensor const&, at::Tensor const&, std::optional<at::Tensor> const&, double, bool, std::optional<double>, bool) + 0x24d (0x73522a92a4ad in /mnt/d/htdocs121/colaço/cryox - Copia0.3 imagination/python/venv/lib/python3.12/site-packages/torch/lib/libtorch_cpu.so)\nframe #26: 7)/cryox - Copia0.3 imagination - Copia/build_cuda/phase3_memory_audit( + 0x86797 (0x57e80654e797 in /mnt/c/Users/killineo/Desktop/Nova pasta )\nframe #27: 7)/cryox - Copia0.3 imagination - Copia/build_cuda/phase3_memory_audit( + 0x87164 (0x57e80654f164 in /mnt/c/Users/killineo/Desktop/Nova pasta )\nframe #28: 7)/cryox - Copia0.3 imagination - Copia/build_cuda/phase3_memory_audit( + 0x87457 (0x57e80654f457 in /mnt/c/Users/killineo/Desktop/Nova pasta )\nframe #29: 7)/cryox - Copia0.3 imagination - Copia/build_cuda/phase3_memory_audit( + 0x32597 (0x57e8064fa597 in /mnt/c/Users/killineo/Desktop/Nova pasta )\nframe #30: <unknown function> + 0x2a601 (0x73520f62a601 in /usr/lib/x86_64-linux-gnu/libc.so.6)\nframe #31: __libc_start_main + 0x88 (0x73520f62a718 in /usr/lib/x86_64-linux-gnu/libc.so.6)\nframe #32: 7)/cryox - Copia0.3 imagination - Copia/build_cuda/phase3_memory_audit( + 0x33555 (0x57e8064fb555 in /mnt/c/Users/killineo/Desktop/Nova pasta )\n",
  "forward_time_ms": 0.0,
  "max_memory_allocated_mb": 0.0,
  "max_memory_reserved_mb": 0.0,
  "model": "dense",
  "nvidia_smi_vram_mb": 0.0,
  "persistent_index_mb": 0.0,
  "process_ram_mb": 0.0,
  "seq_len": 65536,
  "staging_ram_mb": 0.0,
  "storage_used_mb": 0.0,
  "success": false,
  "val_loss": 0.0,
  "val_ppl": 0.0
}
__RESULT_JSON_END__
