┌──────────────────────────────────────────────────────────────┐
│  FASE 3: AUDITORIA DE MEMÓRIA — PROCESSO ISOLADO            │
│  Modelo: dense                                              │
│  Contexto L: 256                                            │
│  Device: CUDA GPU                                           │
└──────────────────────────────────────────────────────────────┘
[BPE] Loaded from cryolm_bpe.tok (vocab=2000, merges=1740)
[1] Construindo Dense Transformer (d_model=336, 4L, 8H)...
[TokenEmbedding] vocab=2000 d_state=336
[LMHead] d_state=336 → vocab=2000
[SwiGLU] d_state=336 d_hidden=896
[SwiGLU] d_state=336 d_hidden=896
[SwiGLU] d_state=336 d_hidden=896
[SwiGLU] d_state=336 d_hidden=896
[DenseTransformer] Initialized: vocab=2000 d_model=336 n_layers=4 n_heads=8
[2] Warm-up (3 forward passes)...
[3] Resetando estatísticas de memória...
[4] Executando forward pass com L=256 tokens...
  ✅ Dense L=256 | Allocated: 51.8 MB | Reserved: 66.0 MB | nvidia-smi: 1532.0 MB | RAM: 668.4 MB | PPL: 2032.61 | Time: 65.7 ms

__RESULT_JSON_BEGIN__
{
  "active_gpu_mb": 0.0,
  "actual_seq_len": 256,
  "device": "cuda:0",
  "error": "",
  "forward_time_ms": 65.653661,
  "max_memory_allocated_mb": 51.83154296875,
  "max_memory_reserved_mb": 66.0,
  "model": "dense",
  "nvidia_smi_vram_delta_mb": 6.0,
  "nvidia_smi_vram_mb": 1532.0,
  "persistent_index_mb": 0.0,
  "process_ram_mb": 668.37109375,
  "seq_len": 256,
  "staging_ram_mb": 0.0,
  "storage_used_mb": 0.0,
  "success": true,
  "val_loss": 7.617074966430664,
  "val_ppl": 2032.6079794483587
}
__RESULT_JSON_END__
