┌──────────────────────────────────────────────────────────────┐
│  FASE 3: AUDITORIA DE MEMÓRIA — PROCESSO ISOLADO            │
│  Modelo: dense                                              │
│  Contexto L: 1024                                           │
│  Device: CUDA GPU                                           │
└──────────────────────────────────────────────────────────────┘
[BPE] Loaded from cryolm_bpe.tok (vocab=2000, merges=1740)
[1] Construindo Dense Transformer (d_model=336, 4L, 8H)...
[TokenEmbedding] vocab=2000 d_state=336
[LMHead] d_state=336 → vocab=2000
[SwiGLU] d_state=336 d_hidden=896
[SwiGLU] d_state=336 d_hidden=896
[SwiGLU] d_state=336 d_hidden=896
[SwiGLU] d_state=336 d_hidden=896
[DenseTransformer] Initialized: vocab=2000 d_model=336 n_layers=4 n_heads=8
[2] Warm-up (3 forward passes)...
[3] Resetando estatísticas de memória...
[4] Executando forward pass com L=1024 tokens...
  ✅ Dense L=1024 | Allocated: 131.2 MB | Reserved: 148.0 MB | nvidia-smi: 1630.0 MB | RAM: 668.5 MB | PPL: 1994.85 | Time: 69.1 ms

__RESULT_JSON_BEGIN__
{
  "active_gpu_mb": 0.0,
  "actual_seq_len": 1024,
  "device": "cuda:0",
  "error": "",
  "forward_time_ms": 69.089768,
  "max_memory_allocated_mb": 131.16162109375,
  "max_memory_reserved_mb": 148.0,
  "model": "dense",
  "nvidia_smi_vram_delta_mb": 88.0,
  "nvidia_smi_vram_mb": 1630.0,
  "persistent_index_mb": 0.0,
  "process_ram_mb": 668.52734375,
  "seq_len": 1024,
  "staging_ram_mb": 0.0,
  "storage_used_mb": 0.0,
  "success": true,
  "val_loss": 7.598321914672852,
  "val_ppl": 1994.8455637489224
}
__RESULT_JSON_END__
