┌──────────────────────────────────────────────────────────────┐
│  FASE 3: AUDITORIA DE MEMÓRIA — PROCESSO ISOLADO            │
│  Modelo: dense                                              │
│  Contexto L: 4096                                           │
│  Device: CUDA GPU                                           │
└──────────────────────────────────────────────────────────────┘
[BPE] Loaded from cryolm_bpe.tok (vocab=2000, merges=1740)
[1] Construindo Dense Transformer (d_model=336, 4L, 8H)...
[TokenEmbedding] vocab=2000 d_state=336
[LMHead] d_state=336 → vocab=2000
[SwiGLU] d_state=336 d_hidden=896
[SwiGLU] d_state=336 d_hidden=896
[SwiGLU] d_state=336 d_hidden=896
[SwiGLU] d_state=336 d_hidden=896
[DenseTransformer] Initialized: vocab=2000 d_model=336 n_layers=4 n_heads=8
[2] Warm-up (3 forward passes)...
[3] Resetando estatísticas de memória...
[4] Executando forward pass com L=4096 tokens...
  ✅ Dense L=4096 | Allocated: 1302.8 MB | Reserved: 1476.0 MB | nvidia-smi: 2868.0 MB | RAM: 668.7 MB | PPL: 2022.55 | Time: 170.4 ms

__RESULT_JSON_BEGIN__
{
  "active_gpu_mb": 0.0,
  "actual_seq_len": 4096,
  "device": "cuda:0",
  "error": "",
  "forward_time_ms": 170.373092,
  "max_memory_allocated_mb": 1302.79443359375,
  "max_memory_reserved_mb": 1476.0,
  "model": "dense",
  "nvidia_smi_vram_delta_mb": 1416.0,
  "nvidia_smi_vram_mb": 2868.0,
  "persistent_index_mb": 0.0,
  "process_ram_mb": 668.71484375,
  "seq_len": 4096,
  "staging_ram_mb": 0.0,
  "storage_used_mb": 0.0,
  "success": true,
  "val_loss": 7.612112998962402,
  "val_ppl": 2022.5472259865426
}
__RESULT_JSON_END__
