┌──────────────────────────────────────────────────────────────┐
│  FASE 3: AUDITORIA DE MEMÓRIA — PROCESSO ISOLADO            │
│  Modelo: dense                                              │
│  Contexto L: 512                                            │
│  Device: CUDA GPU                                           │
└──────────────────────────────────────────────────────────────┘
[BPE] Loaded from cryolm_bpe.tok (vocab=2000, merges=1740)
[1] Construindo Dense Transformer (d_model=336, 4L, 8H)...
[TokenEmbedding] vocab=2000 d_state=336
[LMHead] d_state=336 → vocab=2000
[SwiGLU] d_state=336 d_hidden=896
[SwiGLU] d_state=336 d_hidden=896
[SwiGLU] d_state=336 d_hidden=896
[SwiGLU] d_state=336 d_hidden=896
[DenseTransformer] Initialized: vocab=2000 d_model=336 n_layers=4 n_heads=8
[2] Warm-up (3 forward passes)...
[3] Resetando estatísticas de memória...
[4] Executando forward pass com L=512 tokens...
  ✅ Dense L=512 | Allocated: 68.7 MB | Reserved: 88.0 MB | nvidia-smi: 1548.0 MB | RAM: 668.4 MB | PPL: 2021.00 | Time: 46.2 ms

__RESULT_JSON_BEGIN__
{
  "active_gpu_mb": 0.0,
  "actual_seq_len": 512,
  "device": "cuda:0",
  "error": "",
  "forward_time_ms": 46.202931,
  "max_memory_allocated_mb": 68.71240234375,
  "max_memory_reserved_mb": 88.0,
  "model": "dense",
  "nvidia_smi_vram_delta_mb": 28.0,
  "nvidia_smi_vram_mb": 1548.0,
  "persistent_index_mb": 0.0,
  "process_ram_mb": 668.390625,
  "seq_len": 512,
  "staging_ram_mb": 0.0,
  "storage_used_mb": 0.0,
  "success": true,
  "val_loss": 7.6113481521606445,
  "val_ppl": 2021.0008786441356
}
__RESULT_JSON_END__
