┌──────────────────────────────────────────────────────────────┐
│  FASE 3: AUDITORIA DE MEMÓRIA — PROCESSO ISOLADO            │
│  Modelo: dense                                              │
│  Contexto L: 128                                            │
│  Device: CUDA GPU                                           │
└──────────────────────────────────────────────────────────────┘
[BPE] Loaded from cryolm_bpe.tok (vocab=2000, merges=1740)
[1] Construindo Dense Transformer (d_model=336, 4L, 8H)...
[TokenEmbedding] vocab=2000 d_state=336
[LMHead] d_state=336 → vocab=2000
[SwiGLU] d_state=336 d_hidden=896
[SwiGLU] d_state=336 d_hidden=896
[SwiGLU] d_state=336 d_hidden=896
[SwiGLU] d_state=336 d_hidden=896
[DenseTransformer] Initialized: vocab=2000 d_model=336 n_layers=4 n_heads=8
[2] Warm-up (3 forward passes)...
[3] Resetando estatísticas de memória...
[4] Executando forward pass com L=128 tokens...
  ✅ Dense L=128 | Allocated: 47.0 MB | Reserved: 62.0 MB | nvidia-smi: 1504.0 MB | RAM: 668.9 MB | PPL: 2014.21 | Time: 59.8 ms

__RESULT_JSON_BEGIN__
{
  "active_gpu_mb": 0.0,
  "actual_seq_len": 128,
  "device": "cuda:0",
  "error": "",
  "forward_time_ms": 59.827022,
  "max_memory_allocated_mb": 46.95361328125,
  "max_memory_reserved_mb": 62.0,
  "model": "dense",
  "nvidia_smi_vram_delta_mb": 2.0,
  "nvidia_smi_vram_mb": 1504.0,
  "persistent_index_mb": 0.0,
  "process_ram_mb": 668.91015625,
  "seq_len": 128,
  "staging_ram_mb": 0.0,
  "storage_used_mb": 0.0,
  "success": true,
  "val_loss": 7.6079816818237305,
  "val_ppl": 2014.208678420326
}
__RESULT_JSON_END__
